Traceback (most recent call last):
  File "/home/jon/.neutronicsworkshop_3.12/lib/python3.12/site-packages/jupyter_core/utils/__init__.py", line 154, in wrapped
    asyncio.get_running_loop()
RuntimeError: no running event loop

During handling of the above exception, another exception occurred:

Traceback (most recent call last):
  File "/home/jon/.neutronicsworkshop_3.12/lib/python3.12/site-packages/jupyter_cache/executors/utils.py", line 58, in single_nb_execution
    executenb(
  File "/home/jon/.neutronicsworkshop_3.12/lib/python3.12/site-packages/nbclient/client.py", line 1319, in execute
    return NotebookClient(nb=nb, resources=resources, km=km, **kwargs).execute()
           ^^^^^^^^^^^^^^^^^^^^^^^^^^^^^^^^^^^^^^^^^^^^^^^^^^^^^^^^^^^^^^^^^^^^^
  File "/home/jon/.neutronicsworkshop_3.12/lib/python3.12/site-packages/jupyter_core/utils/__init__.py", line 158, in wrapped
    return loop.run_until_complete(inner)
           ^^^^^^^^^^^^^^^^^^^^^^^^^^^^^^
  File "/usr/local/lib/python3.12/asyncio/base_events.py", line 664, in run_until_complete
    return future.result()
           ^^^^^^^^^^^^^^^
  File "/home/jon/.neutronicsworkshop_3.12/lib/python3.12/site-packages/nbclient/client.py", line 709, in async_execute
    await self.async_execute_cell(
  File "/home/jon/.neutronicsworkshop_3.12/lib/python3.12/site-packages/nbclient/client.py", line 1062, in async_execute_cell
    await self._check_raise_for_error(cell, cell_index, exec_reply)
  File "/home/jon/.neutronicsworkshop_3.12/lib/python3.12/site-packages/nbclient/client.py", line 918, in _check_raise_for_error
    raise CellExecutionError.from_cell_and_msg(cell, exec_reply_content)
nbclient.exceptions.CellExecutionError: An error occurred while executing the following cell:
------------------
# We define timesteps together with the source rate to make it clearer
timesteps_and_source_rates = [
    (24, 1e20),
    (24, 1e20),
    (24, 1e20),
    (24, 1e20),
    (24, 1e20),  # should saturate Ag110 here as it has been irradiated for over 5 halflives
    (24, 1e20),
    (24, 1e20),
    (24, 1e20),
    (24, 1e20),
    (24, 0),
    (24, 0),
    (24, 0),
    (24, 0),
    (24, 0),
    (24, 0),
    (24, 0),
    (24, 0),
    (24, 0),
    (24, 0),
    (24, 0),
]

# Uses list Python comprehension to get the timesteps and source_rates separately
timesteps = [item[0] for item in timesteps_and_source_rates]
source_rates = [item[1] for item in timesteps_and_source_rates]


# PredictorIntegrator has been selected as the depletion operator for this example as it is a fast first order Integrator
# OpenMC offers several time-integration algorithms https://docs.openmc.org/en/stable/pythonapi/deplete.html#primary-api\n",
# CF4Integrator should normally be selected as it appears to be the most accurate https://dspace.mit.edu/handle/1721.1/113721\n",

model.deplete(
    timesteps,
    source_rates=source_rates,
    method="predictor",  # predictor is a simple but quick method
    operator_kwargs={
        "normalization_mode": "source-rate",  # needed as this is a fixed source simulation
        "chain_file": openmc.config['chain_file'],
        "reduce_chain_level": 5,
    },
)
------------------


[31m---------------------------------------------------------------------------[39m
[31mTypeError[39m                                 Traceback (most recent call last)
[36mCell[39m[36m [39m[32mIn[4][39m[32m, line 34[39m
[32m     27[39m source_rates = [item[[32m1[39m] [38;5;28;01mfor[39;00m item [38;5;129;01min[39;00m timesteps_and_source_rates]
[32m     30[39m [38;5;66;03m# PredictorIntegrator has been selected as the depletion operator for this example as it is a fast first order Integrator[39;00m
[32m     31[39m [38;5;66;03m# OpenMC offers several time-integration algorithms https://docs.openmc.org/en/stable/pythonapi/deplete.html#primary-api\n",[39;00m
[32m     32[39m [38;5;66;03m# CF4Integrator should normally be selected as it appears to be the most accurate https://dspace.mit.edu/handle/1721.1/113721\n",[39;00m
[32m---> [39m[32m34[39m [43mmodel[49m[43m.[49m[43mdeplete[49m[43m([49m
[32m     35[39m [43m    [49m[43mtimesteps[49m[43m,[49m
[32m     36[39m [43m    [49m[43msource_rates[49m[43m=[49m[43msource_rates[49m[43m,[49m
[32m     37[39m [43m    [49m[43mmethod[49m[43m=[49m[33;43m"[39;49m[33;43mpredictor[39;49m[33;43m"[39;49m[43m,[49m[43m  [49m[38;5;66;43;03m# predictor is a simple but quick method[39;49;00m
[32m     38[39m [43m    [49m[43moperator_kwargs[49m[43m=[49m[43m{[49m
[32m     39[39m [43m        [49m[33;43m"[39;49m[33;43mnormalization_mode[39;49m[33;43m"[39;49m[43m:[49m[43m [49m[33;43m"[39;49m[33;43msource-rate[39;49m[33;43m"[39;49m[43m,[49m[43m  [49m[38;5;66;43;03m# needed as this is a fixed source simulation[39;49;00m
[32m     40[39m [43m        [49m[33;43m"[39;49m[33;43mchain_file[39;49m[33;43m"[39;49m[43m:[49m[43m [49m[43mopenmc[49m[43m.[49m[43mconfig[49m[43m[[49m[33;43m'[39;49m[33;43mchain_file[39;49m[33;43m'[39;49m[43m][49m[43m,[49m
[32m     41[39m [43m        [49m[33;43m"[39;49m[33;43mreduce_chain_level[39;49m[33;43m"[39;49m[43m:[49m[43m [49m[32;43m5[39;49m[43m,[49m
[32m     42[39m [43m    [49m[43m}[49m[43m,[49m
[32m     43[39m [43m)[49m

[31mTypeError[39m: Model.deplete() got multiple values for argument 'method'

